Found 3 test(s).
docker : Creating test database for alias 
'default' ('test_gsih_inventario')...
En línea: 1 Carácter: 1
+ docker exec gsih_backend python manage.py test 
auditoria -v 2 > test_ ...
+ ~~~~~~~~~~~~~~~~~~~~~~~~~~~~~~~~~~~~~~~~~~~~~~~
~~~~~~~~~~~~~~~~~~~~~~
    + CategoryInfo          : NotSpecified: (Cre 
   ating test d...inventario')...:String) [], R  
  emoteException
    + FullyQualifiedErrorId : NativeCommandError
 
Operations to perform:
  Synchronize unmigrated apps: channels, corsheaders, daphne, django_filters, drf_spectacular, messages, rest_framework, staticfiles
  Apply all migrations: accounts, admin, auditoria, auth, authtoken, catalogo, compras, contenttypes, geography, institucion, inventario, notificaciones, sessions
Synchronizing apps without migrations:
  Creating tables...
    Running deferred SQL...
Running migrations:
  Applying institucion.0001_initial... OK
  Applying contenttypes.0001_initial... OK
  Applying contenttypes.0002_remove_content_type_name... OK
  Applying auth.0001_initial... OK
  Applying auth.0002_alter_permission_name_max_length... OK
  Applying auth.0003_alter_user_email_max_length... OK
  Applying auth.0004_alter_user_username_opts... OK
  Applying auth.0005_alter_user_last_login_null... OK
  Applying auth.0006_require_contenttypes_0002... OK
  Applying auth.0007_alter_validators_add_error_messages... OK
  Applying auth.0008_alter_user_username_max_length... OK
  Applying auth.0009_alter_user_last_name_max_length... OK
  Applying auth.0010_alter_group_name_max_length... OK
  Applying auth.0011_update_proxy_permissions... OK
  Applying auth.0012_alter_user_first_name_max_length... OK
  Applying accounts.0001_initial... OK
  Applying admin.0001_initial... OK
  Applying admin.0002_logentry_remove_auto_add... OK
  Applying admin.0003_logentry_add_action_flag_choices... OK
  Applying auditoria.0001_initial... OK
  Applying authtoken.0001_initial... OK
  Applying authtoken.0002_auto_20160226_1747... OK
  Applying authtoken.0003_tokenproxy... OK
  Applying authtoken.0004_alter_tokenproxy_options... OK
  Applying catalogo.0001_initial... OK
  Applying catalogo.0002_categoriaproducto_deleted_at_marca_deleted_at... OK
  Applying geography.0001_initial... OK
  Applying inventario.0001_initial... OK
  Applying inventario.0002_alter_accessory_categoria_and_more... OK
  Applying compras.0001_initial... OK
  Applying compras.0002_itemorden_deleted_at_ordencompra_deleted_at... OK
  Applying institucion.0002_organizacioncentral_parent... OK
  Applying inventario.0003_alter_alerta_unique_together_remove_alerta_acueducto_and_more... OK
  Applying inventario.0004_rename_inventario__marca_b5f1cc_idx_inventario__marca_i_0f8c1f_idx_and_more... OK
  Applying notificaciones.0001_initial... OK
  Applying notificaciones.0002_notificacion_alerta... OK
  Applying notificaciones.0003_alerta_deleted_at_notificacion_deleted_at... OK
  Applying sessions.0001_initial... OK
System check identified no issues (0 silenced).
test_tc_aud_01_creacion_log_categoria (auditoria.
tests.AuditoriaTests.test_tc_aud_01_creacion_log_
categoria)
TC-AUD-01: Verificar que al crear una categor├¡a 
se genere un AuditLog ... FAIL
test_tc_soft_01_soft_delete (auditoria.tests.Audi
toriaTests.test_tc_soft_01_soft_delete)
TC-SOFT-01: Verificar Soft Delete en Categor├¡as 
... ok
test_tc_soft_02_restaurar (auditoria.tests.Audito
riaTests.test_tc_soft_02_restaurar)
TC-SOFT-02: Verificar restauraci├│n desde 
papelera ... ok

=================================================
=====================
FAIL: test_tc_aud_01_creacion_log_categoria (audi
toria.tests.AuditoriaTests.test_tc_aud_01_creacio
n_log_categoria)
TC-AUD-01: Verificar que al crear una categor├¡a 
se genere un AuditLog
-------------------------------------------------
---------------------
Traceback (most recent call last):
  File "/app/auditoria/tests.py", line 33, in 
test_tc_aud_01_creacion_log_categoria
    self.assertEqual(log.user, self.admin_user)
AssertionError: None != <CustomUser: admin_test 
(OPERADOR)>

-------------------------------------------------
---------------------
Ran 3 tests in 0.557s

FAILED (failures=1)
Destroying test database for alias 'default' 
('test_gsih_inventario')...
